C:\Program Files (x86)\Microsoft Visual Studio\2019\Community\MSBuild\Microsoft\VC\v160\Microsoft.CppBuild.targets(499,5): warning MSB8004: Output Directory does not end with a trailing slash.  This build instance will add the slash as it is required to allow proper evaluation of the Output Directory.
  m_gladiator.c
C:\Users\brpro\git\gamemod-q2\game\m_gladiator.c(49,47): warning C4100: 'other': unreferenced formal parameter
C:\Users\brpro\git\gamemod-q2\game\m_gladiator.c(240,69): warning C4100: 'damage': unreferenced formal parameter
C:\Users\brpro\git\gamemod-q2\game\m_gladiator.c(240,59): warning C4100: 'kick': unreferenced formal parameter
C:\Users\brpro\git\gamemod-q2\game\m_gladiator.c(240,46): warning C4100: 'other': unreferenced formal parameter
C:\Users\brpro\git\gamemod-q2\game\m_gladiator.c(308,94): warning C4100: 'point': unreferenced formal parameter
C:\Users\brpro\git\gamemod-q2\game\m_gladiator.c(308,65): warning C4100: 'attacker': unreferenced formal parameter
C:\Users\brpro\git\gamemod-q2\game\m_gladiator.c(308,45): warning C4100: 'inflictor': unreferenced formal parameter
C:\Users\brpro\git\gamemod-q2\game\m_gladiator.c(378,42): warning C4113: 'void (__cdecl *)(edict_t *)' differs in parameter lists from 'void (__cdecl *)(edict_t *,edict_t *)'
  p_hud.c
C:\Users\brpro\git\gamemod-q2\game\p_hud.c(234,11): warning C4996: 'strcpy': This function or variable may be unsafe. Consider using strcpy_s instead. To disable deprecation, use _CRT_SECURE_NO_WARNINGS. See online help for details.
C:\Users\brpro\git\gamemod-q2\game\p_hud.c(245,10): warning C4996: 'strcpy': This function or variable may be unsafe. Consider using strcpy_s instead. To disable deprecation, use _CRT_SECURE_NO_WARNINGS. See online help for details.
C:\Users\brpro\git\gamemod-q2\game\p_hud.c(307,21): warning C4047: '==': 'cvar_t *' differs in levels of indirection from 'int'
C:\Users\brpro\git\gamemod-q2\game\p_hud.c(339,11): warning C4013: 'getBrads' undefined; assuming extern returning int
C:\Users\brpro\git\gamemod-q2\game\p_hud.c(340,14): warning C4013: 'getHasHorse' undefined; assuming extern returning int
C:\Users\brpro\git\gamemod-q2\game\p_hud.c(640,47): warning C4047: 'function': 'char *' differs in levels of indirection from 'char'
C:\Users\brpro\git\gamemod-q2\game\p_hud.c(640,36): warning C4024: 'gi': different types for formal and actual parameter 3
C:\Users\brpro\git\gamemod-q2\game\p_hud.c(646,8): warning C4101: 'i': unreferenced local variable
  Generating Code...
C:\Users\brpro\git\gamemod-q2\game\p_hud.c(437): warning C4701: potentially uninitialized local variable 'cells' used
     Creating library .\..\release\gamex86.lib and object .\..\release\gamex86.exp
  game.vcxproj -> C:\Users\brpro\git\gamemod-q2\game\release\gamex86.dll
